###############################################################################
#
# IAR ELF Linker V3.10.1.201 for STM8                     04/Jan/2020  11:55:04
# Copyright 2010-2017 IAR Systems AB.
#
#    Output file  =  
#        F:\项目存档\2020-01-04 雪花灯STM8\iar\Debug\Exe\snowLed.out
#    Map file     =  
#        F:\项目存档\2020-01-04 雪花灯STM8\iar\Debug\List\snowLed.map
#    Command line =  
#        -f C:\Users\38263\AppData\Local\Temp\EW8DD.tmp
#        ("F:\项目存档\2020-01-04 雪花灯STM8\iar\Debug\Obj\beep.o"
#        "F:\项目存档\2020-01-04 雪花灯STM8\iar\Debug\Obj\main.o"
#        "F:\项目存档\2020-01-04 雪花灯STM8\iar\Debug\Obj\ws2812.o" --redirect
#        _Printf=_PrintfFullNoMb --redirect _Scanf=_ScanfFullNoMb -o
#        "F:\项目存档\2020-01-04 雪花灯STM8\iar\Debug\Exe\snowLed.out" --map
#        "F:\项目存档\2020-01-04 雪花灯STM8\iar\Debug\List\snowLed.map"
#        --config "C:\Program Files (x86)\IAR Systems\Embedded Workbench
#        8.0\stm8\config\lnkstm8s003f3.icf" --config_def _CSTACK_SIZE=0x100
#        --config_def _HEAP_SIZE=0x100 --entry __iar_program_start --debug_lib)
#
###############################################################################

*******************************************************************************
*** RUNTIME MODEL ATTRIBUTES
***

__SystemLibrary            = DLib
__code_model               = small
__core                     = stm8
__data_model               = medium
__dlib_file_descriptor     = 0
__dlib_full_locale_support = 0
__rt_version               = 4


*******************************************************************************
*** PLACEMENT SUMMARY
***

"A0":  place at start of [0x000000-0x0000ff] { rw section .vregs };
"A1":  place at end of [0x000000-0x0003ff] { block CSTACK };
"P2":  place in [from 0x000000 to 0x0003ff] {
          block HEAP, rw section __DLIB_PERTHREAD, rw section .far.bss,
          rw section .far.data, rw section .far.noinit,
          rw section .far_func.textrw, rw section .huge.bss,
          rw section .huge.data, rw section .huge.noinit,
          rw section .huge_func.textrw, rw section .iar.dynexit,
          rw section .near.bss, rw section .near.data, rw section .near.noinit,
          rw section .near_func.textrw };
"A2":  place at start of [0x008000-0x009fff] { block INTVEC };
"P3":  place in [from 0x008000 to 0x009fff] {
          ro section __DLIB_PERTHREAD_init, ro section .far.data_init,
          ro section .far_func.textrw_init, ro section .huge.data_init,
          ro section .huge_func.textrw_init, ro section .iar.init_table,
          ro section .init_array, ro section .near.data_init,
          ro section .near.rodata, ro section .near_func.text,
          ro section .near_func.textrw_init, ro section .tiny.data_init,
          ro section .tiny.rodata_init };
"P4":  place in [from 0x008000 to 0x009fff] {
          ro section .far.rodata, ro section .far_func.text };
"P5":  place in [from 0x008000 to 0x009fff] {
          ro section .huge.rodata, ro section .huge_func.text };
do not initialize {
   rw section .eeprom.noinit, rw section .far.noinit, rw section .huge.noinit,
   rw section .near.noinit, rw section .tiny.noinit, rw section .vregs };

  Section          Kind      Address   Size  Object
  -------          ----      -------   ----  ------
"A0":                                   0xc
  .vregs           uninit   0x000000    0xc  vregs.o [4]
                          - 0x00000c    0xc

"P2":                                   0x2
  .near.bss        zero     0x00000c    0x2  beep.o [1]
                          - 0x00000e    0x2

"A1":                                 0x100
  CSTACK                    0x000300  0x100  <Block>
    CSTACK         uninit   0x000300  0x100  <Block tail>
                          - 0x000400  0x100

Absolute sections, part 1 of 15:        0x1
  .near.noinit     uninit   0x005000    0x1  ws2812.o [1]
                          - 0x005001    0x1

Absolute sections, part 2 of 15:        0x4
  .near.noinit     uninit   0x005002    0x1  main.o [1]
  .near.noinit     uninit   0x005003    0x1  main.o [1]
  .near.noinit     uninit   0x005004    0x1  main.o [1]
  .near.noinit     uninit   0x005005    0x1  main.o [1]
                          - 0x005006    0x4

Absolute sections, part 3 of 15:        0x4
  .near.noinit     uninit   0x005007    0x1  main.o [1]
  .near.noinit     uninit   0x005008    0x1  main.o [1]
  .near.noinit     uninit   0x005009    0x1  main.o [1]
  .near.noinit     uninit   0x00500a    0x1  main.o [1]
                          - 0x00500b    0x4

Absolute sections, part 4 of 15:        0x4
  .near.noinit     uninit   0x00500c    0x1  main.o [1]
  .near.noinit     uninit   0x00500d    0x1  main.o [1]
  .near.noinit     uninit   0x00500e    0x1  main.o [1]
  .near.noinit     uninit   0x00500f    0x1  main.o [1]
                          - 0x005010    0x4

Absolute sections, part 5 of 15:        0x3
  .near.noinit     uninit   0x005011    0x1  main.o [1]
  .near.noinit     uninit   0x005012    0x1  main.o [1]
  .near.noinit     uninit   0x005013    0x1  main.o [1]
                          - 0x005014    0x3

Absolute sections, part 6 of 15:        0x1
  .near.noinit     uninit   0x0050c6    0x1  main.o [1]
                          - 0x0050c7    0x1

Absolute sections, part 7 of 15:        0x5
  .near.noinit     uninit   0x005232    0x1  main.o [1]
  .near.noinit     uninit   0x005233    0x1  main.o [1]
  .near.noinit     uninit   0x005234    0x1  main.o [1]
  .near.noinit     uninit   0x005235    0x1  main.o [1]
  .near.noinit     uninit   0x005236    0x1  main.o [1]
                          - 0x005237    0x5

Absolute sections, part 8 of 15:        0x1
  .near.noinit     uninit   0x005250    0x1  main.o [1]
                          - 0x005251    0x1

Absolute sections, part 9 of 15:        0x2
  .near.noinit     uninit   0x005254    0x1  main.o [1]
  .near.noinit     uninit   0x005255    0x1  main.o [1]
                          - 0x005256    0x2

Absolute sections, part 10 of 15:       0x4
  .near.noinit     uninit   0x005260    0x1  main.o [1]
  .near.noinit     uninit   0x005261    0x1  main.o [1]
  .near.noinit     uninit   0x005262    0x1  main.o [1]
  .near.noinit     uninit   0x005263    0x1  main.o [1]
                          - 0x005264    0x4

Absolute sections, part 11 of 15:       0x1
  .near.noinit     uninit   0x005300    0x1  beep.o [1]
                          - 0x005301    0x1

Absolute sections, part 12 of 15:       0x1
  .near.noinit     uninit   0x005304    0x1  main.o [1]
                          - 0x005305    0x1

Absolute sections, part 13 of 15:       0x1
  .near.noinit     uninit   0x005307    0x1  beep.o [1]
                          - 0x005308    0x1

Absolute sections, part 14 of 15:       0x1
  .near.noinit     uninit   0x00530a    0x1  beep.o [1]
                          - 0x00530b    0x1

Absolute sections, part 15 of 15:       0x5
  .near.noinit     uninit   0x00530e    0x1  beep.o [1]
  .near.noinit     uninit   0x00530f    0x1  beep.o [1]
  .near.noinit     uninit   0x005310    0x1  beep.o [1]
  .near.noinit     uninit   0x005311    0x1  beep.o [1]
  .near.noinit     uninit   0x005312    0x1  beep.o [1]
                          - 0x005313    0x5

"A2":                                  0x80
  INTVEC                    0x008000   0x80  <Block>
    .intvec        const    0x008000   0x80  interrupt.o [4]
                          - 0x008080   0x80

"P3-P5":                              0x394
  .near_func.text  ro code  0x008080   0xc3  long.o [4]
  .near.rodata     const    0x008143   0x6a  beep.o [1]
  .near_func.text  ro code  0x0081ad   0x41  main.o [1]
  .near_func.text  ro code  0x0081ee   0x33  ws2812.o [1]
  .near_func.text  ro code  0x008221   0x30  ws2812.o [1]
  .near_func.text  ro code  0x008251   0x2c  vreg_util.o [4]
  .near_func.text  ro code  0x00827d   0x23  beep.o [1]
  .near_func.text  ro code  0x0082a0   0x21  beep.o [1]
  .near_func.text  ro code  0x0082c1   0x21  main.o [1]
  .iar.init_table  const    0x0082e2    0x8  - Linker created -
  .near_func.text  ro code  0x0082ea   0x1e  init_small.o [4]
  .near_func.text  ro code  0x008308   0x1b  ws2812.o [1]
  .near_func.text  ro code  0x008323   0x1b  ws2812.o [1]
  .near_func.text  ro code  0x00833e   0x1a  ws2812.o [1]
  .near_func.text  ro code  0x008358   0x19  main.o [1]
  .near_func.text  ro code  0x008371   0x17  main.o [1]
  .near_func.text  ro code  0x008388   0x14  init.o [4]
  .near_func.text  ro code  0x00839c   0x14  __dbg_xxexit.o [3]
  .near_func.text  ro code  0x0083b0   0x13  cstartup.o [4]
  .near_func.text  ro code  0x0083c3   0x12  move.o [4]
  .near_func.text  ro code  0x0083d5    0xd  dc_util.o [4]
  .near_func.text  ro code  0x0083e2    0xc  long_util.o [4]
  .near_func.text  ro code  0x0083ee    0x9  main.o [1]
  .near_func.text  ro code  0x0083f7    0x5  main.o [1]
  .near_func.text  ro code  0x0083fc    0x5  main.o [1]
  .near_func.text  ro code  0x008401    0x5  cexit.o [4]
  .near_func.text  ro code  0x008406    0x3  interrupt.o [4]
  .near_func.text  ro code  0x008409    0x3  low_level_init.o [4]
  .near_func.text  ro code  0x00840c    0x3  exit.o [4]
  .near_func.text  ro code  0x00840f    0x3  unhandled_exception.o [4]
  .near_func.text  ro code  0x008412    0x1  main.o [1]
  .near_func.text  ro code  0x008413    0x1  __dbg_break.o [3]
                          - 0x008414  0x394


*******************************************************************************
*** INIT TABLE
***

          Address   Size
          -------   ----
Zero (__iar_zero_init2)
    1 destination range, total size 0x2:
          0x00000c   0x2



*******************************************************************************
*** MODULE SUMMARY
***

    Module                 ro code  ro data  rw data  rw data
                                                       (abs)
    ------                 -------  -------  -------  -------
F:\项目存档\2020-01-04 雪花灯STM8\iar\Debug\Obj: [1]
    beep.o                      68      106        2        8
    main.o                     166                         29
    ws2812.o                   179                          1
    ---------------------------------------------------------
    Total:                     413      106        2       38

command line: [2]
    ---------------------------------------------------------
    Total:

dbgstm8smd.a: [3]
    __dbg_break.o                1
    __dbg_xxexit.o              20
    ---------------------------------------------------------
    Total:                      21

dlstm8smn.a: [4]
    cexit.o                      5
    cstartup.o                  19
    dc_util.o                   13
    exit.o                       3
    init.o                      20
    init_small.o                30
    interrupt.o                  3      128
    long.o                     195
    long_util.o                 12
    low_level_init.o             3
    move.o                      18
    unhandled_exception.o        3
    vreg_util.o                 44
    vregs.o                                       12
    ---------------------------------------------------------
    Total:                     368      128       12

    Linker created                        8      256
-------------------------------------------------------------
    Grand Total:               802      242      270       38


*******************************************************************************
*** ENTRY LIST
***

Entry                    Address  Size  Type      Object
-----                    -------  ----  ----      ------
.iar.init_table$$Base   0x0082e2         --   Gb  - Linker created -
.iar.init_table$$Limit  0x0082ea         --   Gb  - Linker created -
?b0                     0x000000        Data  Gb  vregs.o [4]
?b1                     0x000001        Data  Gb  vregs.o [4]
?b10                    0x00000a        Data  Gb  vregs.o [4]
?b11                    0x00000b        Data  Gb  vregs.o [4]
?b2                     0x000002        Data  Gb  vregs.o [4]
?b3                     0x000003        Data  Gb  vregs.o [4]
?b4                     0x000004        Data  Gb  vregs.o [4]
?b5                     0x000005        Data  Gb  vregs.o [4]
?b6                     0x000006        Data  Gb  vregs.o [4]
?b7                     0x000007        Data  Gb  vregs.o [4]
?b8                     0x000008        Data  Gb  vregs.o [4]
?b9                     0x000009        Data  Gb  vregs.o [4]
?dc32_l0                0x0083d5        Code  Gb  dc_util.o [4]
?e0                     0x000001        Data  Gb  vregs.o [4]
?e1                     0x000005        Data  Gb  vregs.o [4]
?e2                     0x000009        Data  Gb  vregs.o [4]
?l0                     0x000000        Data  Gb  vregs.o [4]
?l1                     0x000004        Data  Gb  vregs.o [4]
?l2                     0x000008        Data  Gb  vregs.o [4]
?load32_l0_0x           0x0083e2        Code  Gb  long_util.o [4]
?longfarg16_v_w0_a      0x0083c3        Code  Gb  move.o [4]
?longfarg16_v_w0_x      0x0083c5        Code  Gb  move.o [4]
?mov_e1_e0              0x008273        Code  Gb  vreg_util.o [4]
?mov_l1_l0              0x008270        Code  Gb  vreg_util.o [4]
?mov_w0_w2              0x008269        Code  Gb  vreg_util.o [4]
?mov_w3_w1              0x008276        Code  Gb  vreg_util.o [4]
?push_w4                0x008251        Code  Gb  vreg_util.o [4]
?sdiv32_l0_dl_l1        0x0080ed        Code  Gb  long.o [4]
?sdiv32_l0_l0_l1        0x0080f2        Code  Gb  long.o [4]
?sext32_l0_x            0x008138        Code  Gb  long.o [4]
?smod32_l1_l0_l1        0x0080f2        Code  Gb  long.o [4]
?udiv32_l0_l0_l1        0x008080        Code  Gb  long.o [4]
?umod32_l1_l0_l1        0x008080        Code  Gb  long.o [4]
?w0                     0x000000        Data  Gb  vregs.o [4]
?w1                     0x000002        Data  Gb  vregs.o [4]
?w2                     0x000004        Data  Gb  vregs.o [4]
?w3                     0x000006        Data  Gb  vregs.o [4]
?w4                     0x000008        Data  Gb  vregs.o [4]
?w5                     0x00000a        Data  Gb  vregs.o [4]
CSTACK$$Base            0x000300         --   Gb  - Linker created -
CSTACK$$Limit           0x000400         --   Gb  - Linker created -
Fosc_Init               0x0083ee   0x9  Code  Gb  main.o [1]
INTVEC$$Base            0x008000         --   Gb  - Linker created -
INTVEC$$Limit           0x008080         --   Gb  - Linker created -
Region$$Table$$Base     0x0082e2         --   Gb  - Linker created -
Region$$Table$$Limit    0x0082ea         --   Gb  - Linker created -
TIM1_ARRH               0x005262   0x1  Data  Gb  main.o [1]
TIM1_ARRL               0x005263   0x1  Data  Gb  main.o [1]
TIM1_OVR_UIF            0x0083f7   0x5  Code  Gb  main.o [1]
TIM1_PSCRH              0x005260   0x1  Data  Gb  main.o [1]
TIM1_PSCRL              0x005261   0x1  Data  Gb  main.o [1]
TIM2_ARRH               0x00530f   0x1  Data  Gb  beep.o [1]
TIM2_ARRL               0x005310   0x1  Data  Gb  beep.o [1]
TIM2_CCR1H              0x005311   0x1  Data  Gb  beep.o [1]
TIM2_CCR1L              0x005312   0x1  Data  Gb  beep.o [1]
TIM2_OVR_UIF            0x0083fc   0x5  Code  Gb  main.o [1]
UART1_BRR1              0x005232   0x1  Data  Gb  main.o [1]
UART1_BRR2              0x005233   0x1  Data  Gb  main.o [1]
_A_CLK_CKDIVR           0x0050c6   0x1  Data  Gb  main.o [1]
_A_PA_CR1               0x005003   0x1  Data  Gb  main.o [1]
_A_PA_CR2               0x005004   0x1  Data  Gb  main.o [1]
_A_PA_DDR               0x005002   0x1  Data  Gb  main.o [1]
_A_PA_ODR               0x005000   0x1  Data  Gb  ws2812.o [1]
_A_PB_CR1               0x005008   0x1  Data  Gb  main.o [1]
_A_PB_CR2               0x005009   0x1  Data  Gb  main.o [1]
_A_PB_DDR               0x005007   0x1  Data  Gb  main.o [1]
_A_PB_ODR               0x005005   0x1  Data  Gb  main.o [1]
_A_PC_CR1               0x00500d   0x1  Data  Gb  main.o [1]
_A_PC_CR2               0x00500e   0x1  Data  Gb  main.o [1]
_A_PC_DDR               0x00500c   0x1  Data  Gb  main.o [1]
_A_PC_ODR               0x00500a   0x1  Data  Gb  main.o [1]
_A_PD_CR1               0x005012   0x1  Data  Gb  main.o [1]
_A_PD_CR2               0x005013   0x1  Data  Gb  main.o [1]
_A_PD_DDR               0x005011   0x1  Data  Gb  main.o [1]
_A_PD_ODR               0x00500f   0x1  Data  Gb  main.o [1]
_A_TIM1_CR1             0x005250   0x1  Data  Gb  main.o [1]
_A_TIM1_IER             0x005254   0x1  Data  Gb  main.o [1]
_A_TIM1_SR1             0x005255   0x1  Data  Gb  main.o [1]
_A_TIM2_CCER1           0x00530a   0x1  Data  Gb  beep.o [1]
_A_TIM2_CCMR1           0x005307   0x1  Data  Gb  beep.o [1]
_A_TIM2_CR1             0x005300   0x1  Data  Gb  beep.o [1]
_A_TIM2_PSCR            0x00530e   0x1  Data  Gb  beep.o [1]
_A_TIM2_SR1             0x005304   0x1  Data  Gb  main.o [1]
_A_UART1_CR1            0x005234   0x1  Data  Gb  main.o [1]
_A_UART1_CR2            0x005235   0x1  Data  Gb  main.o [1]
_A_UART1_CR3            0x005236   0x1  Data  Gb  main.o [1]
__DebugBreak            0x008413   0x1  Code  Gb  __dbg_break.o [3]
__exit                  0x00839c  0x14  Code  Gb  __dbg_xxexit.o [3]
__iar_data_init2        0x008388  0x14  Code  Gb  init.o [4]
__iar_program_start     0x0083b0        Code  Gb  cstartup.o [4]
__iar_unhandled_exception
                        0x00840f        Code  Gb  unhandled_exception.o [4]
__iar_zero_init2        0x0082ea        Code  Gb  init_small.o [4]
__intvec                0x008000        Data  Gb  interrupt.o [4]
__low_level_init        0x008409   0x3  Code  Gb  low_level_init.o [4]
_exit                   0x008401        Code  Gb  cexit.o [4]
_interrupt_13           0x0083f7        Code  Gb  main.o [1]
_interrupt_15           0x0083fc        Code  Gb  main.o [1]
_interrupt_20           0x008412        Code  Gb  main.o [1]
beep_init               0x00827d  0x23  Code  Gb  beep.o [1]
beep_set                0x0082a0  0x21  Code  Gb  beep.o [1]
demo_music              0x008143  0x6a  Data  Gb  beep.o [1]
exit                    0x00840c   0x3  Code  Gb  exit.o [4]
gpio_init               0x0081ad  0x41  Code  Gb  main.o [1]
main                    0x008371  0x17  Code  Gb  main.o [1]
music                   0x00000c   0x2  Data  Gb  beep.o [1]
timer_Init              0x008358  0x19  Code  Gb  main.o [1]
uart1_init              0x0082c1  0x21  Code  Gb  main.o [1]
uart1rxd                0x008412   0x1  Code  Gb  main.o [1]
ws2812_send             0x008221  0x30  Code  Gb  ws2812.o [1]
ws2812_send_8bit        0x0081ee  0x24  Code  Gb  ws2812.o [1]
ws2812_send_rgb         0x008212   0xf  Code  Gb  ws2812.o [1]
ws2812_test             0x00833e  0x1a  Code  Gb  ws2812.o [1]
ws2812_write_0          0x008323  0x1b  Code  Gb  ws2812.o [1]
ws2812_write_1          0x008308  0x1b  Code  Gb  ws2812.o [1]


[1] = F:\项目存档\2020-01-04 雪花灯STM8\iar\Debug\Obj
[2] = command line
[3] = dbgstm8smd.a
[4] = dlstm8smn.a

  802 bytes of readonly  code memory
  242 bytes of readonly  data memory
  270 bytes of readwrite data memory (+ 38 absolute)

Errors: none
Warnings: none
